Running Gradle task 'assembleDebug'...                          
flutter : 
Au caractère Ligne:1 : 1
+ flutter build apk --debug > build_output.txt 2>&1
+ ~~~~~~~~~~~~~~~~~~~~~~~~~~~~~~~~~~~~~~~~~~~~~~~~~
    + CategoryInfo          : NotSpecified: (:String) [], RemoteException
    + FullyQualifiedErrorId : NativeCommandError
 
FAILURE: Build failed with an exception.

* What went wrong:
Execution failed for task ':app:cleanMergeDebugAssets'.
> java.io.IOException: Unable to delete directory 'C:\Users\PC 
GAMER\OneDrive\Desktop\flutter\BiblioCMC\BiblioCMC\build\app\intermediates\assets\debug\mergeDebugAssets'
    Failed to delete some children. This might happen because a process has files open or has its working directory 
set in the target directory.
    - C:\Users\PC GAMER\OneDrive\Desktop\flutter\BiblioCMC\BiblioCMC\build\app\intermediates\assets\debug\mergeDebugAss
ets\flutter_assets\assets\images
    - C:\Users\PC GAMER\OneDrive\Desktop\flutter\BiblioCMC\BiblioCMC\build\app\intermediates\assets\debug\mergeDebugAss
ets\flutter_assets\assets
    - C:\Users\PC GAMER\OneDrive\Desktop\flutter\BiblioCMC\BiblioCMC\build\app\intermediates\assets\debug\mergeDebugAss
ets\flutter_assets\fonts
    - C:\Users\PC GAMER\OneDrive\Desktop\flutter\BiblioCMC\BiblioCMC\build\app\intermediates\assets\debug\mergeDebugAss
ets\flutter_assets\packages\cupertino_icons\assets
    - C:\Users\PC GAMER\OneDrive\Desktop\flutter\BiblioCMC\BiblioCMC\build\app\intermediates\assets\debug\mergeDebugAss
ets\flutter_assets\packages\cupertino_icons
    - C:\Users\PC GAMER\OneDrive\Desktop\flutter\BiblioCMC\BiblioCMC\build\app\intermediates\assets\debug\mergeDebugAss
ets\flutter_assets\packages
    - C:\Users\PC GAMER\OneDrive\Desktop\flutter\BiblioCMC\BiblioCMC\build\app\intermediates\assets\debug\mergeDebugAss
ets\flutter_assets\shaders
    - C:\Users\PC 
GAMER\OneDrive\Desktop\flutter\BiblioCMC\BiblioCMC\build\app\intermediates\assets\debug\mergeDebugAssets\flutter_assets

* Try:
> Run with --stacktrace option to get the stack trace.
> Run with --info or --debug option to get more log output.
> Run with --scan to get full insights.
> Get more help at https://help.gradle.org.

BUILD FAILED in 2s
Running Gradle task 'assembleDebug'...                              3,1s
Gradle task assembleDebug failed with exit code 1
